// Jest Snapshot v1, https://goo.gl/fbAQLP

exports[`MipCard matches snapshot 1`] = `
<View
  testID="mip-card"
>
  <View
    style={
      [
        {
          "borderRadius": 16,
          "borderWidth": 1,
          "elevation": 3,
          "shadowOffset": {
            "height": 4,
            "width": 0,
          },
          "shadowOpacity": 0.06,
          "shadowRadius": 12,
        },
        {
          "backgroundColor": "#FFFDF7",
          "borderColor": "#E5DECD",
          "padding": 16,
          "shadowColor": "#0B3D2E",
        },
        {
          "marginBottom": 12,
          "marginHorizontal": 16,
        },
      ]
    }
  >
    <View
      style={
        {
          "alignItems": "center",
          "flexDirection": "row",
          "gap": 8,
          "marginBottom": 8,
        }
      }
    >
      <Ionicons
        color="#2E7D32"
        name="leaf"
        size={18}
      />
      <Text
        style={
          [
            {
              "color": "#2E7D32",
              "flex": 1,
              "fontFamily": "Poppins_700Bold",
              "fontSize": 17,
              "fontWeight": "700",
            },
            false,
          ]
        }
      >
        mip.title
      </Text>
    </View>
    <Text
      style={
        {
          "color": "#0F1A14",
          "fontFamily": "Poppins_700Bold",
          "fontSize": 20,
          "fontWeight": "700",
        }
      }
    >
      Ferrugem asiática da soja
    </Text>
    <Text
      style={
        {
          "color": "#435044",
          "fontFamily": "Poppins_400Regular_Italic",
          "fontSize": 12,
          "marginBottom": 12,
        }
      }
    >
      Phakopsora pachyrhizi
    </Text>
    <Text
      style={
        {
          "color": "#435044",
          "fontFamily": "Poppins_600SemiBold",
          "fontSize": 12,
          "fontWeight": "600",
          "letterSpacing": 0.4,
          "marginBottom": 8,
          "textTransform": "uppercase",
        }
      }
    >
      mip.levelPickerLabel
    </Text>
    <View
      style={
        {
          "flexDirection": "row",
          "gap": 8,
          "marginBottom": 12,
        }
      }
    >
      <View
        accessibilityLabel="mip.chipA11y"
        accessibilityRole="button"
        accessibilityState={
          {
            "busy": undefined,
            "checked": undefined,
            "disabled": undefined,
            "expanded": undefined,
            "selected": true,
          }
        }
        accessibilityValue={
          {
            "max": undefined,
            "min": undefined,
            "now": undefined,
            "text": undefined,
          }
        }
        accessible={true}
        collapsable={false}
        focusable={true}
        onBlur={[Function]}
        onClick={[Function]}
        onFocus={[Function]}
        onResponderGrant={[Function]}
        onResponderMove={[Function]}
        onResponderRelease={[Function]}
        onResponderTerminate={[Function]}
        onResponderTerminationRequest={[Function]}
        onStartShouldSetResponder={[Function]}
        style={
          [
            {
              "alignItems": "center",
              "borderRadius": 999,
              "borderWidth": 1.5,
              "flexDirection": "row",
              "gap": 4,
              "paddingHorizontal": 14,
              "paddingVertical": 8,
            },
            {
              "backgroundColor": "#2E7D32",
              "borderColor": "#2E7D32FF",
              "opacity": 1,
            },
          ]
        }
        testID="mip-chip-baixo"
      >
        <Text
          style={
            [
              {
                "fontFamily": "Poppins_700Bold",
                "fontSize": 12,
                "fontWeight": "700",
                "letterSpacing": 0.3,
              },
              {
                "color": "#FFF",
              },
            ]
          }
        >
          mip.level.baixo
        </Text>
      </View>
      <View
        accessibilityLabel="mip.chipA11y"
        accessibilityRole="button"
        accessibilityState={
          {
            "busy": undefined,
            "checked": undefined,
            "disabled": undefined,
            "expanded": undefined,
            "selected": false,
          }
        }
        accessibilityValue={
          {
            "max": undefined,
            "min": undefined,
            "now": undefined,
            "text": undefined,
          }
        }
        accessible={true}
        collapsable={false}
        focusable={true}
        onBlur={[Function]}
        onClick={[Function]}
        onFocus={[Function]}
        onResponderGrant={[Function]}
        onResponderMove={[Function]}
        onResponderRelease={[Function]}
        onResponderTerminate={[Function]}
        onResponderTerminationRequest={[Function]}
        onStartShouldSetResponder={[Function]}
        style={
          [
            {
              "alignItems": "center",
              "borderRadius": 999,
              "borderWidth": 1.5,
              "flexDirection": "row",
              "gap": 4,
              "paddingHorizontal": 14,
              "paddingVertical": 8,
            },
            {
              "backgroundColor": "#C89B3C14",
              "borderColor": "#C89B3C33",
              "opacity": 1,
            },
          ]
        }
        testID="mip-chip-medio"
      >
        <Text
          style={
            [
              {
                "fontFamily": "Poppins_700Bold",
                "fontSize": 12,
                "fontWeight": "700",
                "letterSpacing": 0.3,
              },
              {
                "color": "#C89B3C",
              },
            ]
          }
        >
          mip.level.medio
        </Text>
      </View>
      <View
        accessibilityLabel="mip.chipA11y"
        accessibilityRole="button"
        accessibilityState={
          {
            "busy": undefined,
            "checked": undefined,
            "disabled": undefined,
            "expanded": undefined,
            "selected": false,
          }
        }
        accessibilityValue={
          {
            "max": undefined,
            "min": undefined,
            "now": undefined,
            "text": undefined,
          }
        }
        accessible={true}
        collapsable={false}
        focusable={true}
        onBlur={[Function]}
        onClick={[Function]}
        onFocus={[Function]}
        onResponderGrant={[Function]}
        onResponderMove={[Function]}
        onResponderRelease={[Function]}
        onResponderTerminate={[Function]}
        onResponderTerminationRequest={[Function]}
        onStartShouldSetResponder={[Function]}
        style={
          [
            {
              "alignItems": "center",
              "borderRadius": 999,
              "borderWidth": 1.5,
              "flexDirection": "row",
              "gap": 4,
              "paddingHorizontal": 14,
              "paddingVertical": 8,
            },
            {
              "backgroundColor": "#B3462E14",
              "borderColor": "#B3462E33",
              "opacity": 1,
            },
          ]
        }
        testID="mip-chip-alto"
      >
        <Text
          style={
            [
              {
                "fontFamily": "Poppins_700Bold",
                "fontSize": 12,
                "fontWeight": "700",
                "letterSpacing": 0.3,
              },
              {
                "color": "#B3462E",
              },
            ]
          }
        >
          mip.level.alto
        </Text>
      </View>
    </View>
    <View
      style={
        [
          {
            "borderLeftWidth": 3,
            "marginBottom": 12,
            "paddingLeft": 12,
            "paddingVertical": 8,
          },
          {
            "borderLeftColor": "#2E7D32",
          },
        ]
      }
    >
      <Text
        style={
          {
            "color": "#435044",
            "fontFamily": "Poppins_700Bold",
            "fontSize": 12,
            "fontWeight": "700",
            "letterSpacing": 0.4,
            "marginBottom": 4,
            "textTransform": "uppercase",
          }
        }
      >
        mip.criterionLabel
      </Text>
      <Text
        style={
          [
            {
              "color": "#0F1A14",
              "fontFamily": "Poppins_400Regular",
              "fontSize": 15,
              "lineHeight": 21,
            },
            false,
          ]
        }
      >
        Primeiras pústulas
      </Text>
      <View
        style={
          {
            "marginTop": 12,
          }
        }
      >
        <View
          style={
            {
              "alignItems": "center",
              "flexDirection": "row",
              "gap": 6,
              "marginBottom": 6,
            }
          }
        >
          <Ionicons
            color="#2E7D32"
            name="hand-left"
            size={14}
          />
          <Text
            style={
              {
                "color": "#0F1A14",
                "fontFamily": "Poppins_700Bold",
                "fontSize": 13,
                "fontWeight": "700",
              }
            }
          >
            mip.culturalActions
          </Text>
        </View>
        <View
          style={
            {
              "alignItems": "flex-start",
              "flexDirection": "row",
              "gap": 10,
              "marginBottom": 4,
            }
          }
        >
          <View
            style={
              [
                {
                  "borderRadius": 3,
                  "height": 5,
                  "marginTop": 8,
                  "width": 5,
                },
                {
                  "backgroundColor": "#2E7D32",
                },
              ]
            }
          />
          <Text
            style={
              [
                {
                  "color": "#0F1A14",
                  "fontFamily": "Poppins_400Regular",
                  "fontSize": 15,
                  "lineHeight": 21,
                },
                false,
              ]
            }
          >
            Rotação de culturas
          </Text>
        </View>
        <View
          style={
            {
              "alignItems": "flex-start",
              "flexDirection": "row",
              "gap": 10,
              "marginBottom": 4,
            }
          }
        >
          <View
            style={
              [
                {
                  "borderRadius": 3,
                  "height": 5,
                  "marginTop": 8,
                  "width": 5,
                },
                {
                  "backgroundColor": "#2E7D32",
                },
              ]
            }
          />
          <Text
            style={
              [
                {
                  "color": "#0F1A14",
                  "fontFamily": "Poppins_400Regular",
                  "fontSize": 15,
                  "lineHeight": 21,
                },
                false,
              ]
            }
          >
            Vazio sanitário
          </Text>
        </View>
      </View>
      <View
        style={
          {
            "marginTop": 12,
          }
        }
      >
        <View
          style={
            {
              "alignItems": "center",
              "flexDirection": "row",
              "gap": 6,
              "marginBottom": 6,
            }
          }
        >
          <Ionicons
            color="#4CAF50"
            name="bug"
            size={14}
          />
          <Text
            style={
              {
                "color": "#0F1A14",
                "fontFamily": "Poppins_700Bold",
                "fontSize": 13,
                "fontWeight": "700",
              }
            }
          >
            mip.biologicalActions
          </Text>
        </View>
        <View
          style={
            {
              "alignItems": "flex-start",
              "flexDirection": "row",
              "gap": 10,
              "marginBottom": 4,
            }
          }
        >
          <View
            style={
              [
                {
                  "borderRadius": 3,
                  "height": 5,
                  "marginTop": 8,
                  "width": 5,
                },
                {
                  "backgroundColor": "#4CAF50",
                },
              ]
            }
          />
          <Text
            style={
              [
                {
                  "color": "#0F1A14",
                  "fontFamily": "Poppins_400Regular",
                  "fontSize": 15,
                  "lineHeight": 21,
                },
                false,
              ]
            }
          >
            Bacillus subtilis
          </Text>
        </View>
      </View>
      <View
        style={
          {
            "marginTop": 12,
          }
        }
      >
        <Text
          style={
            {
              "color": "#0F1A14",
              "fontFamily": "Poppins_700Bold",
              "fontSize": 13,
              "fontWeight": "700",
            }
          }
        >
          mip.monitoringLabel
        </Text>
        <Text
          style={
            [
              {
                "color": "#0F1A14",
                "fontFamily": "Poppins_400Regular",
                "fontSize": 15,
                "lineHeight": 21,
              },
              false,
            ]
          }
        >
          <Text
            style={
              {
                "color": "#435044",
                "fontFamily": "Poppins_700Bold",
                "fontWeight": "700",
              }
            }
          >
            mip.monitoringMethod
            : 
          </Text>
          Inspeção visual
        </Text>
        <Text
          style={
            [
              {
                "color": "#0F1A14",
                "fontFamily": "Poppins_400Regular",
                "fontSize": 15,
                "lineHeight": 21,
              },
              false,
            ]
          }
        >
          <Text
            style={
              {
                "color": "#435044",
                "fontFamily": "Poppins_700Bold",
                "fontWeight": "700",
              }
            }
          >
            mip.monitoringFrequency
            : 
          </Text>
          Semanal
        </Text>
        <Text
          style={
            [
              {
                "color": "#0F1A14",
                "fontFamily": "Poppins_400Regular",
                "fontSize": 15,
                "lineHeight": 21,
              },
              false,
            ]
          }
        >
          <Text
            style={
              {
                "color": "#435044",
                "fontFamily": "Poppins_700Bold",
                "fontWeight": "700",
              }
            }
          >
            mip.monitoringControlLevel
            : 
          </Text>
          Primeira pústula
        </Text>
      </View>
    </View>
    <View
      style={
        {
          "backgroundColor": "#4350440D",
          "borderRadius": 8,
          "gap": 8,
          "marginBottom": 12,
          "padding": 12,
        }
      }
    >
      <Text
        style={
          {
            "color": "#435044",
            "fontFamily": "Poppins_400Regular",
            "fontSize": 12,
            "lineHeight": 18,
          }
        }
      >
        mip.officialGuidance
      </Text>
      <View
        accessibilityLabel="mip.openAgrofit"
        accessibilityRole="link"
        accessibilityState={
          {
            "busy": undefined,
            "checked": undefined,
            "disabled": undefined,
            "expanded": undefined,
            "selected": undefined,
          }
        }
        accessibilityValue={
          {
            "max": undefined,
            "min": undefined,
            "now": undefined,
            "text": undefined,
          }
        }
        accessible={true}
        collapsable={false}
        focusable={true}
        onClick={[Function]}
        onResponderGrant={[Function]}
        onResponderMove={[Function]}
        onResponderRelease={[Function]}
        onResponderTerminate={[Function]}
        onResponderTerminationRequest={[Function]}
        onStartShouldSetResponder={[Function]}
        style={
          {
            "alignItems": "center",
            "backgroundColor": "#2E7D32",
            "borderRadius": 8,
            "flexDirection": "row",
            "gap": 7,
            "justifyContent": "center",
            "minHeight": 42,
            "opacity": 1,
          }
        }
        testID="mip-open-agrofit"
      >
        <Ionicons
          color="#FFFFFF"
          name="open-outline"
          size={15}
        />
        <Text
          style={
            {
              "color": "#FFFFFF",
              "fontFamily": "Poppins_600SemiBold",
              "fontSize": 12,
            }
          }
        >
          mip.openAgrofit
        </Text>
      </View>
    </View>
    <View
      accessibilityRole="text"
      accessible={true}
      style={
        {
          "alignItems": "flex-start",
          "backgroundColor": "#C89B3C0F",
          "borderRadius": 8,
          "flexDirection": "row",
          "gap": 6,
          "padding": 10,
        }
      }
    >
      <Ionicons
        color="#C89B3C"
        name="shield-checkmark"
        size={14}
      />
      <Text
        style={
          {
            "color": "#435044",
            "flex": 1,
            "fontFamily": "Poppins_400Regular_Italic",
            "fontSize": 11,
            "lineHeight": 16,
          }
        }
      >
        mip.regulatoryDisclaimer
      </Text>
    </View>
  </View>
</View>
`;
